../Core/Src/main.c:88:5:main	8	static
../Core/Src/main.c:143:6:SystemClock_Config	88	static
../Core/Src/main.c:191:13:MX_TIM2_Init	64	static
../Core/Src/main.c:250:13:MX_TIM5_Init	48	static
../Core/Src/main.c:308:13:MX_TIM10_Init	8	static
../Core/Src/main.c:339:13:MX_USART2_UART_Init	8	static
../Core/Src/main.c:372:13:MX_GPIO_Init	48	static
../Core/Src/main.c:410:6:HAL_TIM_IC_CaptureCallback	24	static
../Core/Src/main.c:433:6:HAL_TIM_PeriodElapsedCallback	64	static
../Core/Src/main.c:448:6:HAL_UART_RxCpltCallback	16	static
../Core/Src/main.c:464:6:Error_Handler	4	static,ignoring_inline_asm
