../Core/Src/main.c:85:5:main	8	static
../Core/Src/main.c:141:6:SystemClock_Config	88	static
../Core/Src/main.c:189:13:MX_TIM4_Init	64	static
../Core/Src/main.c:248:13:MX_TIM5_Init	48	static
../Core/Src/main.c:306:13:MX_TIM10_Init	8	static
../Core/Src/main.c:337:13:MX_USART2_UART_Init	8	static
../Core/Src/main.c:370:13:MX_GPIO_Init	48	static
../Core/Src/main.c:408:6:HAL_TIM_IC_CaptureCallback	24	static
../Core/Src/main.c:431:6:HAL_TIM_PeriodElapsedCallback	64	static
../Core/Src/main.c:454:6:HAL_UART_RxCpltCallback	16	static
../Core/Src/main.c:467:6:Error_Handler	4	static,ignoring_inline_asm
